#
# There is insufficient memory for the Java Runtime Environment to continue.
# Native memory allocation (malloc) failed to allocate 325776 bytes. Error detail: Chunk::new
# Possible reasons:
#   The system is out of physical RAM or swap space
#   This process is running with CompressedOops enabled, and the Java Heap may be blocking the growth of the native heap
# Possible solutions:
#   Reduce memory load on the system
#   Increase physical memory or swap space
#   Check if swap backing store is full
#   Decrease Java heap size (-Xmx/-Xms)
#   Decrease number of Java threads
#   Decrease Java thread stack sizes (-Xss)
#   Set larger code cache with -XX:ReservedCodeCacheSize=
#   JVM is running with Unscaled Compressed Oops mode in which the Java heap is
#     placed in the first 4GB address space. The Java Heap base address is the
#     maximum limit for the native heap growth. Please use -XX:HeapBaseMinAddress
#     to set the Java Heap base and to place the Java Heap above 4GB virtual address.
# This output file may be truncated or incomplete.
#
#  Out of Memory Error (arena.cpp:191), pid=14960, tid=17028
#
# JRE version: OpenJDK Runtime Environment (17.0.11) (build 17.0.11+0--11852314)
# Java VM: OpenJDK 64-Bit Server VM (17.0.11+0--11852314, mixed mode, tiered, compressed oops, compressed class ptrs, g1 gc, windows-amd64)
# No core dump will be written. Minidumps are not enabled by default on client versions of Windows
#

---------------  S U M M A R Y ------------

Command Line: org.jetbrains.kotlin.cli.jvm.K2JVMCompiler @C:\Users\delfi\AndroidStudioProjects\Comunic\app\build\20260204_7617271720919532754.compiler.options

Host: Intel(R) Core(TM) i5-8265U CPU @ 1.60GHz, 8 cores, 3G,  Windows 10 , 64 bit Build 19041 (10.0.19041.6807)
Time: Wed Feb  4 19:26:04 2026 Hora estándar de Argentina elapsed time: 1.910374 seconds (0d 0h 0m 1s)

---------------  T H R E A D  ---------------

Current thread (0x000002207f7fc010):  JavaThread "C2 CompilerThread0" daemon [_thread_in_native, id=17028, stack(0x0000007fbf300000,0x0000007fbf400000)]


Current CompileTask:
C2:   1910 1449 % !   4       java.util.concurrent.ConcurrentHashMap::transfer @ 96 (849 bytes)

Stack: [0x0000007fbf300000,0x0000007fbf400000]
Native frames: (J=compiled Java code, j=interpreted, Vv=VM code, C=native code)
V  [jvm.dll+0x687bb9]
V  [jvm.dll+0x84142a]
V  [jvm.dll+0x8430ae]
V  [jvm.dll+0x843713]
V  [jvm.dll+0x24a35f]
V  [jvm.dll+0xac544]
V  [jvm.dll+0xacb8c]
V  [jvm.dll+0x369be2]
V  [jvm.dll+0x33416a]
V  [jvm.dll+0x33360a]
V  [jvm.dll+0x21bed1]
V  [jvm.dll+0x21b311]
V  [jvm.dll+0x1a63ed]
V  [jvm.dll+0x22b1ee]
V  [jvm.dll+0x229375]
V  [jvm.dll+0x7f5647]
V  [jvm.dll+0x7efa4a]
V  [jvm.dll+0x686a35]
C  [ucrtbase.dll+0x21bb2]
C  [KERNEL32.DLL+0x17374]
C  [ntdll.dll+0x4cc91]


---------------  P R O C E S S  ---------------

Threads class SMR info:
_java_thread_list=0x000002207f998790, length=12, elements={
0x0000022074e4f1f0, 0x000002207f522120, 0x000002207f5253b0, 0x000002207f545cc0,
0x000002207f56ff80, 0x000002207f570550, 0x000002207f570f10, 0x000002207f7fc010,
0x000002207f801e60, 0x000002207f7fde50, 0x000002207f990300, 0x000002207f9960d0
}

Java Threads: ( => current thread )
  0x0000022074e4f1f0 JavaThread "main" [_thread_in_vm, id=13988, stack(0x0000007fbe600000,0x0000007fbe700000)]
  0x000002207f522120 JavaThread "Reference Handler" daemon [_thread_blocked, id=22264, stack(0x0000007fbed00000,0x0000007fbee00000)]
  0x000002207f5253b0 JavaThread "Finalizer" daemon [_thread_blocked, id=11676, stack(0x0000007fbee00000,0x0000007fbef00000)]
  0x000002207f545cc0 JavaThread "Signal Dispatcher" daemon [_thread_blocked, id=20700, stack(0x0000007fbef00000,0x0000007fbf000000)]
  0x000002207f56ff80 JavaThread "Attach Listener" daemon [_thread_blocked, id=9628, stack(0x0000007fbf000000,0x0000007fbf100000)]
  0x000002207f570550 JavaThread "Service Thread" daemon [_thread_blocked, id=10004, stack(0x0000007fbf100000,0x0000007fbf200000)]
  0x000002207f570f10 JavaThread "Monitor Deflation Thread" daemon [_thread_blocked, id=2796, stack(0x0000007fbf200000,0x0000007fbf300000)]
=>0x000002207f7fc010 JavaThread "C2 CompilerThread0" daemon [_thread_in_native, id=17028, stack(0x0000007fbf300000,0x0000007fbf400000)]
  0x000002207f801e60 JavaThread "C1 CompilerThread0" daemon [_thread_blocked, id=17268, stack(0x0000007fbf400000,0x0000007fbf500000)]
  0x000002207f7fde50 JavaThread "Sweeper thread" daemon [_thread_blocked, id=13228, stack(0x0000007fbf500000,0x0000007fbf600000)]
  0x000002207f990300 JavaThread "Notification Thread" daemon [_thread_blocked, id=20496, stack(0x0000007fbf600000,0x0000007fbf700000)]
  0x000002207f9960d0 JavaThread "Common-Cleaner" daemon [_thread_blocked, id=15644, stack(0x0000007fbf800000,0x0000007fbf900000)]

Other Threads:
  0x000002207f520410 VMThread "VM Thread" [stack: 0x0000007fbec00000,0x0000007fbed00000] [id=6740]
  0x000002207f990bf0 WatcherThread [stack: 0x0000007fbf700000,0x0000007fbf800000] [id=10648]
  0x0000022074e8bd80 GCTaskThread "GC Thread#0" [stack: 0x0000007fbe700000,0x0000007fbe800000] [id=22020]
  0x0000022013366dc0 GCTaskThread "GC Thread#1" [stack: 0x0000007fbf900000,0x0000007fbfa00000] [id=19560]
  0x0000022013365a80 GCTaskThread "GC Thread#2" [stack: 0x0000007fbfa00000,0x0000007fbfb00000] [id=16048]
  0x0000022013367080 GCTaskThread "GC Thread#3" [stack: 0x0000007fbfb00000,0x0000007fbfc00000] [id=22432]
  0x0000022013367340 GCTaskThread "GC Thread#4" [stack: 0x0000007fbfc00000,0x0000007fbfd00000] [id=8772]
  0x0000022074e94950 ConcurrentGCThread "G1 Main Marker" [stack: 0x0000007fbe800000,0x0000007fbe900000] [id=8032]
  0x0000022074e95370 ConcurrentGCThread "G1 Conc#0" [stack: 0x0000007fbe900000,0x0000007fbea00000] [id=13932]
  0x0000022074f0dda0 ConcurrentGCThread "G1 Refine#0" [stack: 0x0000007fbea00000,0x0000007fbeb00000] [id=11244]
  0x0000022074f0e7d0 ConcurrentGCThread "G1 Service" [stack: 0x0000007fbeb00000,0x0000007fbec00000] [id=22352]

Threads with active compile tasks:
C2 CompilerThread0     1948 1449 % !   4       java.util.concurrent.ConcurrentHashMap::transfer @ 96 (849 bytes)

VM state: not at safepoint (normal execution)

VM Mutex/Monitor currently owned by a thread: None

Heap address: 0x00000000c1c00000, size: 996 MB, Compressed Oops mode: 32-bit

CDS archive(s) not mapped
Compressed class space mapped at: 0x0000000100000000-0x0000000140000000, reserved size: 1073741824
Narrow klass base: 0x0000000000000000, Narrow klass shift: 3, Narrow klass range: 0x140000000

GC Precious Log:
 CPUs: 8 total, 8 available
 Memory: 3982M
 Large Page Support: Disabled
 NUMA Support: Disabled
 Compressed Oops: Enabled (32-bit)
 Heap Region Size: 1M
 Heap Min Capacity: 8M
 Heap Initial Capacity: 64M
 Heap Max Capacity: 996M
 Pre-touch: Disabled
 Parallel Workers: 8
 Concurrent Workers: 2
 Concurrent Refinement Workers: 8
 Periodic GC: Disabled

Heap:
 garbage-first heap   total 65536K, used 27280K [0x00000000c1c00000, 0x0000000100000000)
  region size 1024K, 24 young (24576K), 3 survivors (3072K)
 Metaspace       used 17967K, committed 18112K, reserved 1114112K
  class space    used 1845K, committed 1920K, reserved 1048576K

Heap Regions: E=young(eden), S=young(survivor), O=old, HS=humongous(starts), HC=humongous(continues), CS=collection set, F=free, OA=open archive, CA=closed archive, TAMS=top-at-mark-start (previous, next)
|   0|0x00000000c1c00000, 0x00000000c1d00000, 0x00000000c1d00000|100%|HS|  |TAMS 0x00000000c1c00000, 0x00000000c1c00000| Complete 
|   1|0x00000000c1d00000, 0x00000000c1e00000, 0x00000000c1e00000|100%|HC|  |TAMS 0x00000000c1d00000, 0x00000000c1d00000| Complete 
|   2|0x00000000c1e00000, 0x00000000c1f00000, 0x00000000c1f00000|100%|HC|  |TAMS 0x00000000c1e00000, 0x00000000c1e00000| Complete 
|   3|0x00000000c1f00000, 0x00000000c2000000, 0x00000000c2000000|100%|HC|  |TAMS 0x00000000c1f00000, 0x00000000c1f00000| Complete 
|   4|0x00000000c2000000, 0x00000000c2000000, 0x00000000c2100000|  0%| F|  |TAMS 0x00000000c2000000, 0x00000000c2000000| Untracked 
|   5|0x00000000c2100000, 0x00000000c2100000, 0x00000000c2200000|  0%| F|  |TAMS 0x00000000c2100000, 0x00000000c2100000| Untracked 
|   6|0x00000000c2200000, 0x00000000c2200000, 0x00000000c2300000|  0%| F|  |TAMS 0x00000000c2200000, 0x00000000c2200000| Untracked 
|   7|0x00000000c2300000, 0x00000000c2300000, 0x00000000c2400000|  0%| F|  |TAMS 0x00000000c2300000, 0x00000000c2300000| Untracked 
|   8|0x00000000c2400000, 0x00000000c2400000, 0x00000000c2500000|  0%| F|  |TAMS 0x00000000c2400000, 0x00000000c2400000| Untracked 
|   9|0x00000000c2500000, 0x00000000c2500000, 0x00000000c2600000|  0%| F|  |TAMS 0x00000000c2500000, 0x00000000c2500000| Untracked 
|  10|0x00000000c2600000, 0x00000000c2600000, 0x00000000c2700000|  0%| F|  |TAMS 0x00000000c2600000, 0x00000000c2600000| Untracked 
|  11|0x00000000c2700000, 0x00000000c2700000, 0x00000000c2800000|  0%| F|  |TAMS 0x00000000c2700000, 0x00000000c2700000| Untracked 
|  12|0x00000000c2800000, 0x00000000c2800000, 0x00000000c2900000|  0%| F|  |TAMS 0x00000000c2800000, 0x00000000c2800000| Untracked 
|  13|0x00000000c2900000, 0x00000000c2900000, 0x00000000c2a00000|  0%| F|  |TAMS 0x00000000c2900000, 0x00000000c2900000| Untracked 
|  14|0x00000000c2a00000, 0x00000000c2a00000, 0x00000000c2b00000|  0%| F|  |TAMS 0x00000000c2a00000, 0x00000000c2a00000| Untracked 
|  15|0x00000000c2b00000, 0x00000000c2b00000, 0x00000000c2c00000|  0%| F|  |TAMS 0x00000000c2b00000, 0x00000000c2b00000| Untracked 
|  16|0x00000000c2c00000, 0x00000000c2c00000, 0x00000000c2d00000|  0%| F|  |TAMS 0x00000000c2c00000, 0x00000000c2c00000| Untracked 
|  17|0x00000000c2d00000, 0x00000000c2d00000, 0x00000000c2e00000|  0%| F|  |TAMS 0x00000000c2d00000, 0x00000000c2d00000| Untracked 
|  18|0x00000000c2e00000, 0x00000000c2e00000, 0x00000000c2f00000|  0%| F|  |TAMS 0x00000000c2e00000, 0x00000000c2e00000| Untracked 
|  19|0x00000000c2f00000, 0x00000000c2f00000, 0x00000000c3000000|  0%| F|  |TAMS 0x00000000c2f00000, 0x00000000c2f00000| Untracked 
|  20|0x00000000c3000000, 0x00000000c3000000, 0x00000000c3100000|  0%| F|  |TAMS 0x00000000c3000000, 0x00000000c3000000| Untracked 
|  21|0x00000000c3100000, 0x00000000c3100000, 0x00000000c3200000|  0%| F|  |TAMS 0x00000000c3100000, 0x00000000c3100000| Untracked 
|  22|0x00000000c3200000, 0x00000000c3200000, 0x00000000c3300000|  0%| F|  |TAMS 0x00000000c3200000, 0x00000000c3200000| Untracked 
|  23|0x00000000c3300000, 0x00000000c3300000, 0x00000000c3400000|  0%| F|  |TAMS 0x00000000c3300000, 0x00000000c3300000| Untracked 
|  24|0x00000000c3400000, 0x00000000c3400000, 0x00000000c3500000|  0%| F|  |TAMS 0x00000000c3400000, 0x00000000c3400000| Untracked 
|  25|0x00000000c3500000, 0x00000000c3500000, 0x00000000c3600000|  0%| F|  |TAMS 0x00000000c3500000, 0x00000000c3500000| Untracked 
|  26|0x00000000c3600000, 0x00000000c3600000, 0x00000000c3700000|  0%| F|  |TAMS 0x00000000c3600000, 0x00000000c3600000| Untracked 
|  27|0x00000000c3700000, 0x00000000c3700000, 0x00000000c3800000|  0%| F|  |TAMS 0x00000000c3700000, 0x00000000c3700000| Untracked 
|  28|0x00000000c3800000, 0x00000000c3800000, 0x00000000c3900000|  0%| F|  |TAMS 0x00000000c3800000, 0x00000000c3800000| Untracked 
|  29|0x00000000c3900000, 0x00000000c3900000, 0x00000000c3a00000|  0%| F|  |TAMS 0x00000000c3900000, 0x00000000c3900000| Untracked 
|  30|0x00000000c3a00000, 0x00000000c3a00000, 0x00000000c3b00000|  0%| F|  |TAMS 0x00000000c3a00000, 0x00000000c3a00000| Untracked 
|  31|0x00000000c3b00000, 0x00000000c3b00000, 0x00000000c3c00000|  0%| F|  |TAMS 0x00000000c3b00000, 0x00000000c3b00000| Untracked 
|  32|0x00000000c3c00000, 0x00000000c3c00000, 0x00000000c3d00000|  0%| F|  |TAMS 0x00000000c3c00000, 0x00000000c3c00000| Untracked 
|  33|0x00000000c3d00000, 0x00000000c3d00000, 0x00000000c3e00000|  0%| F|  |TAMS 0x00000000c3d00000, 0x00000000c3d00000| Untracked 
|  34|0x00000000c3e00000, 0x00000000c3e00000, 0x00000000c3f00000|  0%| F|  |TAMS 0x00000000c3e00000, 0x00000000c3e00000| Untracked 
|  35|0x00000000c3f00000, 0x00000000c3f00000, 0x00000000c4000000|  0%| F|  |TAMS 0x00000000c3f00000, 0x00000000c3f00000| Untracked 
|  36|0x00000000c4000000, 0x00000000c4000000, 0x00000000c4100000|  0%| F|  |TAMS 0x00000000c4000000, 0x00000000c4000000| Untracked 
|  37|0x00000000c4100000, 0x00000000c4100000, 0x00000000c4200000|  0%| F|  |TAMS 0x00000000c4100000, 0x00000000c4100000| Untracked 
|  38|0x00000000c4200000, 0x00000000c42a4010, 0x00000000c4300000| 64%| S|CS|TAMS 0x00000000c4200000, 0x00000000c4200000| Complete 
|  39|0x00000000c4300000, 0x00000000c4400000, 0x00000000c4400000|100%| S|CS|TAMS 0x00000000c4300000, 0x00000000c4300000| Complete 
|  40|0x00000000c4400000, 0x00000000c4500000, 0x00000000c4500000|100%| S|CS|TAMS 0x00000000c4400000, 0x00000000c4400000| Complete 
|  41|0x00000000c4500000, 0x00000000c4500000, 0x00000000c4600000|  0%| F|  |TAMS 0x00000000c4500000, 0x00000000c4500000| Untracked 
|  42|0x00000000c4600000, 0x00000000c4600800, 0x00000000c4700000|  0%| E|  |TAMS 0x00000000c4600000, 0x00000000c4600000| Complete 
|  43|0x00000000c4700000, 0x00000000c4800000, 0x00000000c4800000|100%| E|CS|TAMS 0x00000000c4700000, 0x00000000c4700000| Complete 
|  44|0x00000000c4800000, 0x00000000c4900000, 0x00000000c4900000|100%| E|CS|TAMS 0x00000000c4800000, 0x00000000c4800000| Complete 
|  45|0x00000000c4900000, 0x00000000c4a00000, 0x00000000c4a00000|100%| E|CS|TAMS 0x00000000c4900000, 0x00000000c4900000| Complete 
|  46|0x00000000c4a00000, 0x00000000c4b00000, 0x00000000c4b00000|100%| E|CS|TAMS 0x00000000c4a00000, 0x00000000c4a00000| Complete 
|  47|0x00000000c4b00000, 0x00000000c4c00000, 0x00000000c4c00000|100%| E|CS|TAMS 0x00000000c4b00000, 0x00000000c4b00000| Complete 
|  48|0x00000000c4c00000, 0x00000000c4d00000, 0x00000000c4d00000|100%| E|CS|TAMS 0x00000000c4c00000, 0x00000000c4c00000| Complete 
|  49|0x00000000c4d00000, 0x00000000c4e00000, 0x00000000c4e00000|100%| E|CS|TAMS 0x00000000c4d00000, 0x00000000c4d00000| Complete 
|  50|0x00000000c4e00000, 0x00000000c4f00000, 0x00000000c4f00000|100%| E|CS|TAMS 0x00000000c4e00000, 0x00000000c4e00000| Complete 
|  51|0x00000000c4f00000, 0x00000000c5000000, 0x00000000c5000000|100%| E|CS|TAMS 0x00000000c4f00000, 0x00000000c4f00000| Complete 
|  52|0x00000000c5000000, 0x00000000c5100000, 0x00000000c5100000|100%| E|CS|TAMS 0x00000000c5000000, 0x00000000c5000000| Complete 
|  53|0x00000000c5100000, 0x00000000c5200000, 0x00000000c5200000|100%| E|CS|TAMS 0x00000000c5100000, 0x00000000c5100000| Complete 
|  54|0x00000000c5200000, 0x00000000c5300000, 0x00000000c5300000|100%| E|CS|TAMS 0x00000000c5200000, 0x00000000c5200000| Complete 
|  55|0x00000000c5300000, 0x00000000c5400000, 0x00000000c5400000|100%| E|CS|TAMS 0x00000000c5300000, 0x00000000c5300000| Complete 
|  56|0x00000000c5400000, 0x00000000c5500000, 0x00000000c5500000|100%| E|CS|TAMS 0x00000000c5400000, 0x00000000c5400000| Complete 
|  57|0x00000000c5500000, 0x00000000c5600000, 0x00000000c5600000|100%| E|CS|TAMS 0x00000000c5500000, 0x00000000c5500000| Complete 
|  58|0x00000000c5600000, 0x00000000c5700000, 0x00000000c5700000|100%| E|CS|TAMS 0x00000000c5600000, 0x00000000c5600000| Complete 
|  59|0x00000000c5700000, 0x00000000c5800000, 0x00000000c5800000|100%| E|CS|TAMS 0x00000000c5700000, 0x00000000c5700000| Complete 
|  60|0x00000000c5800000, 0x00000000c5900000, 0x00000000c5900000|100%| E|CS|TAMS 0x00000000c5800000, 0x00000000c5800000| Complete 
|  61|0x00000000c5900000, 0x00000000c5a00000, 0x00000000c5a00000|100%| E|CS|TAMS 0x00000000c5900000, 0x00000000c5900000| Complete 
|  62|0x00000000c5a00000, 0x00000000c5b00000, 0x00000000c5b00000|100%| E|CS|TAMS 0x00000000c5a00000, 0x00000000c5a00000| Complete 
|  63|0x00000000c5b00000, 0x00000000c5c00000, 0x00000000c5c00000|100%| E|CS|TAMS 0x00000000c5b00000, 0x00000000c5b00000| Complete 

Card table byte_map: [0x000002207a780000,0x000002207a980000] _byte_map_base: 0x000002207a172000

Marking Bits (Prev, Next): (CMBitMap*) 0x0000022074e8c3a0, (CMBitMap*) 0x0000022074e8c3e0
 Prev Bits: [0x000002207ab80000, 0x000002207bb10000)
 Next Bits: [0x000002207bb10000, 0x000002207caa0000)

Polling page: 0x0000022079ae0000

Metaspace:

Usage:
  Non-class:     15.76 MB used.
      Class:      1.81 MB used.
       Both:     17.57 MB used.

Virtual space:
  Non-class space:       64.00 MB reserved,      15.81 MB ( 25%) committed,  1 nodes.
      Class space:        1.00 GB reserved,       1.88 MB ( <1%) committed,  1 nodes.
             Both:        1.06 GB reserved,      17.69 MB (  2%) committed. 

Chunk freelists:
   Non-Class:  15.59 MB
       Class:  13.98 MB
        Both:  29.58 MB

MaxMetaspaceSize: unlimited
CompressedClassSpaceSize: 1.00 GB
Initial GC threshold: 21.00 MB
Current GC threshold: 21.00 MB
CDS: off
MetaspaceReclaimPolicy: balanced
 - commit_granule_bytes: 65536.
 - commit_granule_words: 8192.
 - virtual_space_node_default_size: 8388608.
 - enlarge_chunks_in_place: 1.
 - new_chunks_are_fully_committed: 0.
 - uncommit_free_chunks: 1.
 - use_allocation_guard: 0.
 - handle_deallocations: 1.


Internal statistics:

num_allocs_failed_limit: 0.
num_arena_births: 42.
num_arena_deaths: 0.
num_vsnodes_births: 2.
num_vsnodes_deaths: 0.
num_space_committed: 284.
num_space_uncommitted: 0.
num_chunks_returned_to_freelist: 0.
num_chunks_taken_from_freelist: 381.
num_chunk_merges: 0.
num_chunk_splits: 313.
num_chunks_enlarged: 278.
num_inconsistent_stats: 0.

CodeHeap 'non-profiled nmethods': size=120000Kb used=448Kb max_used=448Kb free=119551Kb
 bounds [0x0000022007ad0000, 0x0000022007d40000, 0x000002200f000000]
CodeHeap 'profiled nmethods': size=120000Kb used=2790Kb max_used=2790Kb free=117210Kb
 bounds [0x0000022000000000, 0x00000220002c0000, 0x0000022007530000]
CodeHeap 'non-nmethods': size=5760Kb used=1173Kb max_used=1187Kb free=4587Kb
 bounds [0x0000022007530000, 0x00000220077a0000, 0x0000022007ad0000]
 total_blobs=1936 nmethods=1471 adapters=378
 compilation: enabled
              stopped_count=0, restarted_count=0
 full_count=0

Compilation events (20 events):
Event: 1.817 Thread 0x000002207f801e60 1444       3       java.nio.DirectIntBufferU::ix (10 bytes)
Event: 1.818 Thread 0x000002207f801e60 nmethod 1444 0x00000220002af790 code [0x00000220002af920, 0x00000220002afa38]
Event: 1.818 Thread 0x000002207f801e60 1445       3       java.util.concurrent.ConcurrentHashMap$BaseIterator::hasNext (13 bytes)
Event: 1.818 Thread 0x000002207f801e60 nmethod 1445 0x00000220002afb10 code [0x00000220002afca0, 0x00000220002afe18]
Event: 1.830 Thread 0x000002207f7fc010 nmethod 1423 0x0000022007b3d190 code [0x0000022007b3d380, 0x0000022007b3dd98]
Event: 1.852 Thread 0x000002207f7fc010 1446       4       java.lang.StringLatin1::lastIndexOf (40 bytes)
Event: 1.854 Thread 0x000002207f7fc010 nmethod 1446 0x0000022007b3e590 code [0x0000022007b3e700, 0x0000022007b3e7f8]
Event: 1.867 Thread 0x000002207f7fc010 1447       4       java.lang.ClassLoader::checkName (37 bytes)
Event: 1.870 Thread 0x000002207f7fc010 nmethod 1447 0x0000022007b3e910 code [0x0000022007b3eaa0, 0x0000022007b3ec58]
Event: 1.874 Thread 0x000002207f801e60 1448   !   3       java.lang.ClassLoader::addClass (27 bytes)
Event: 1.875 Thread 0x000002207f801e60 nmethod 1448 0x00000220002afe90 code [0x00000220002b0060, 0x00000220002b0668]
Event: 1.880 Thread 0x000002207f7fc010 1449 % !   4       java.util.concurrent.ConcurrentHashMap::transfer @ 96 (849 bytes)
Event: 1.882 Thread 0x000002207f801e60 1450  s!   3       jdk.internal.loader.URLClassPath::getLoader (194 bytes)
Event: 1.885 Thread 0x000002207f801e60 nmethod 1450 0x00000220002b0990 code [0x00000220002b0c80, 0x00000220002b2108]
Event: 1.885 Thread 0x000002207f801e60 1451       1       kotlin.Pair::component1 (5 bytes)
Event: 1.885 Thread 0x000002207f801e60 nmethod 1451 0x0000022007b3ee10 code [0x0000022007b3efa0, 0x0000022007b3f078]
Event: 1.885 Thread 0x000002207f801e60 1452       1       kotlin.Pair::component2 (5 bytes)
Event: 1.885 Thread 0x000002207f801e60 nmethod 1452 0x0000022007b3f110 code [0x0000022007b3f2a0, 0x0000022007b3f378]
Event: 1.888 Thread 0x000002207f801e60 1454       3       java.security.CodeSource::getCertificates (98 bytes)
Event: 1.890 Thread 0x000002207f801e60 nmethod 1454 0x00000220002b2890 code [0x00000220002b2b00, 0x00000220002b3778]

GC Heap History (2 events):
Event: 1.020 GC heap before
{Heap before GC invocations=0 (full 0):
 garbage-first heap   total 65536K, used 27648K [0x00000000c1c00000, 0x0000000100000000)
  region size 1024K, 23 young (23552K), 0 survivors (0K)
 Metaspace       used 13382K, committed 13504K, reserved 1114112K
  class space    used 1291K, committed 1344K, reserved 1048576K
}
Event: 1.028 GC heap after
{Heap after GC invocations=1 (full 0):
 garbage-first heap   total 65536K, used 6800K [0x00000000c1c00000, 0x0000000100000000)
  region size 1024K, 3 young (3072K), 3 survivors (3072K)
 Metaspace       used 13382K, committed 13504K, reserved 1114112K
  class space    used 1291K, committed 1344K, reserved 1048576K
}

Dll operation events (1 events):
Event: 0.007 Loaded shared library C:\Program Files\Android\Android Studio\jbr\bin\java.dll

Deoptimization events (20 events):
Event: 0.845 Thread 0x0000022074e4f1f0 DEOPT PACKING pc=0x000002200004c8b8 sp=0x0000007fbe6f7b90
Event: 0.845 Thread 0x0000022074e4f1f0 DEOPT UNPACKING pc=0x0000022007587143 sp=0x0000007fbe6f70a8 mode 0
Event: 1.112 Thread 0x0000022074e4f1f0 Uncommon trap: trap_request=0xffffff45 fr.pc=0x0000022007afe3e4 relative=0x00000000000001c4
Event: 1.112 Thread 0x0000022074e4f1f0 Uncommon trap: reason=unstable_if action=reinterpret pc=0x0000022007afe3e4 method=kotlin.reflect.jvm.internal.impl.protobuf.CodedInputStream.readRawVarint32()I @ 10 c2
Event: 1.112 Thread 0x0000022074e4f1f0 DEOPT PACKING pc=0x0000022007afe3e4 sp=0x0000007fbe6fbd60
Event: 1.112 Thread 0x0000022074e4f1f0 DEOPT UNPACKING pc=0x00000220075869a3 sp=0x0000007fbe6fbce0 mode 2
Event: 1.185 Thread 0x0000022074e4f1f0 Uncommon trap: trap_request=0xffffff45 fr.pc=0x0000022007af8a08 relative=0x00000000000003c8
Event: 1.185 Thread 0x0000022074e4f1f0 Uncommon trap: reason=unstable_if action=reinterpret pc=0x0000022007af8a08 method=java.util.concurrent.ConcurrentHashMap.get(Ljava/lang/Object;)Ljava/lang/Object; @ 76 c2
Event: 1.185 Thread 0x0000022074e4f1f0 DEOPT PACKING pc=0x0000022007af8a08 sp=0x0000007fbe6fc510
Event: 1.185 Thread 0x0000022074e4f1f0 DEOPT UNPACKING pc=0x00000220075869a3 sp=0x0000007fbe6fc498 mode 2
Event: 1.674 Thread 0x0000022074e4f1f0 DEOPT PACKING pc=0x0000022000260db4 sp=0x0000007fbe6fe0a0
Event: 1.674 Thread 0x0000022074e4f1f0 DEOPT UNPACKING pc=0x0000022007587143 sp=0x0000007fbe6fd670 mode 0
Event: 1.785 Thread 0x0000022074e4f1f0 Uncommon trap: trap_request=0xffffff45 fr.pc=0x0000022007b00454 relative=0x00000000000000b4
Event: 1.785 Thread 0x0000022074e4f1f0 Uncommon trap: reason=unstable_if action=reinterpret pc=0x0000022007b00454 method=java.lang.Integer.valueOf(I)Ljava/lang/Integer; @ 3 c2
Event: 1.785 Thread 0x0000022074e4f1f0 DEOPT PACKING pc=0x0000022007b00454 sp=0x0000007fbe6fcbf0
Event: 1.786 Thread 0x0000022074e4f1f0 DEOPT UNPACKING pc=0x00000220075869a3 sp=0x0000007fbe6fcb88 mode 2
Event: 1.849 Thread 0x0000022074e4f1f0 Uncommon trap: trap_request=0xffffff6e fr.pc=0x0000022007addb74 relative=0x0000000000000174
Event: 1.849 Thread 0x0000022074e4f1f0 Uncommon trap: reason=loop_limit_check action=maybe_recompile pc=0x0000022007addb74 method=java.lang.StringLatin1.lastIndexOf([BII)I @ 19 c2
Event: 1.849 Thread 0x0000022074e4f1f0 DEOPT PACKING pc=0x0000022007addb74 sp=0x0000007fbe6fd750
Event: 1.849 Thread 0x0000022074e4f1f0 DEOPT UNPACKING pc=0x00000220075869a3 sp=0x0000007fbe6fd6d0 mode 2

Classes unloaded (0 events):
No events

Classes redefined (0 events):
No events

Internal exceptions (1 events):
Event: 1.595 Thread 0x0000022074e4f1f0 Exception <a 'java/lang/NoSuchMethodError'{0x00000000c4e57498}: 'java.lang.Object java.lang.invoke.DirectMethodHandle$Holder.newInvokeSpecial(java.lang.Object, java.lang.Object, java.lang.Object, java.lang.Object, java.lang.Object)'> (0x00000000c4e57498) 
thrown [s\src\hotspot\share\interpreter\linkResolver.cpp, line 771]

VM Operations (14 events):
Event: 0.152 Executing VM operation: HandshakeAllThreads
Event: 0.152 Executing VM operation: HandshakeAllThreads done
Event: 0.606 Executing VM operation: HandshakeAllThreads
Event: 0.606 Executing VM operation: HandshakeAllThreads done
Event: 1.019 Executing VM operation: G1CollectForAllocation
Event: 1.028 Executing VM operation: G1CollectForAllocation done
Event: 1.155 Executing VM operation: HandshakeAllThreads
Event: 1.155 Executing VM operation: HandshakeAllThreads done
Event: 1.485 Executing VM operation: ICBufferFull
Event: 1.485 Executing VM operation: ICBufferFull done
Event: 1.674 Executing VM operation: HandshakeAllThreads
Event: 1.674 Executing VM operation: HandshakeAllThreads done
Event: 1.844 Executing VM operation: HandshakeAllThreads
Event: 1.844 Executing VM operation: HandshakeAllThreads done

Events (20 events):
Event: 1.818 loading class jdk/internal/logger/BootstrapLogger$RedirectedLoggers
Event: 1.818 loading class jdk/internal/logger/BootstrapLogger$RedirectedLoggers done
Event: 1.819 loading class jdk/internal/logger/BootstrapLogger$BootstrapExecutors
Event: 1.819 loading class jdk/internal/logger/BootstrapLogger$BootstrapExecutors done
Event: 1.819 loading class java/util/logging/LogManager$4
Event: 1.819 loading class java/util/logging/LogManager$4 done
Event: 1.820 loading class java/util/logging/Logger$SystemLoggerHelper
Event: 1.820 loading class java/util/logging/Logger$SystemLoggerHelper done
Event: 1.820 loading class java/util/logging/Logger$SystemLoggerHelper$1
Event: 1.820 loading class java/util/logging/Logger$SystemLoggerHelper$1 done
Event: 1.820 loading class jdk/internal/logger/DefaultLoggerFinder$1
Event: 1.820 loading class jdk/internal/logger/DefaultLoggerFinder$1 done
Event: 1.844 loading class java/util/Stack
Event: 1.844 loading class java/util/Vector
Event: 1.845 loading class java/util/Vector done
Event: 1.845 loading class java/util/Stack done
Event: 1.846 loading class java/math/BigInteger
Event: 1.848 loading class java/math/BigInteger done
Event: 1.849 loading class java/math/MutableBigInteger
Event: 1.851 loading class java/math/MutableBigInteger done


Dynamic libraries:
0x00007ff64ec00000 - 0x00007ff64ec0a000 	C:\Program Files\Android\Android Studio\jbr\bin\java.exe
0x00007ffbaaa30000 - 0x00007ffbaac28000 	C:\Windows\SYSTEM32\ntdll.dll
0x00007ffbaa280000 - 0x00007ffbaa342000 	C:\Windows\System32\KERNEL32.DLL
0x00007ffba81e0000 - 0x00007ffba84d7000 	C:\Windows\System32\KERNELBASE.dll
0x00007ffba8600000 - 0x00007ffba8700000 	C:\Windows\System32\ucrtbase.dll
0x00007ffb804e0000 - 0x00007ffb804f7000 	C:\Program Files\Android\Android Studio\jbr\bin\jli.dll
0x00007ffba2210000 - 0x00007ffba222b000 	C:\Program Files\Android\Android Studio\jbr\bin\VCRUNTIME140.dll
0x00007ffba8c60000 - 0x00007ffba8e01000 	C:\Windows\System32\USER32.dll
0x00007ffb8f2f0000 - 0x00007ffb8f58b000 	C:\Windows\WinSxS\amd64_microsoft.windows.common-controls_6595b64144ccf1df_6.0.19041.6456_none_60b8a6cb71f64256\COMCTL32.dll
0x00007ffba88b0000 - 0x00007ffba88d2000 	C:\Windows\System32\win32u.dll
0x00007ffbaa950000 - 0x00007ffbaa9ee000 	C:\Windows\System32\msvcrt.dll
0x00007ffbaa910000 - 0x00007ffbaa93b000 	C:\Windows\System32\GDI32.dll
0x00007ffba84e0000 - 0x00007ffba85f9000 	C:\Windows\System32\gdi32full.dll
0x00007ffba8810000 - 0x00007ffba88ad000 	C:\Windows\System32\msvcp_win.dll
0x00007ffbaa4c0000 - 0x00007ffbaa4ef000 	C:\Windows\System32\IMM32.DLL
0x00007ffba5720000 - 0x00007ffba572c000 	C:\Program Files\Android\Android Studio\jbr\bin\vcruntime140_1.dll
0x00007ffb79420000 - 0x00007ffb794ad000 	C:\Program Files\Android\Android Studio\jbr\bin\msvcp140.dll
0x00007ffb61e80000 - 0x00007ffb62b03000 	C:\Program Files\Android\Android Studio\jbr\bin\server\jvm.dll
0x00007ffbaa350000 - 0x00007ffbaa401000 	C:\Windows\System32\ADVAPI32.dll
0x00007ffba9a20000 - 0x00007ffba9abf000 	C:\Windows\System32\sechost.dll
0x00007ffbaa4f0000 - 0x00007ffbaa610000 	C:\Windows\System32\RPCRT4.dll
0x00007ffba81b0000 - 0x00007ffba81d7000 	C:\Windows\System32\bcrypt.dll
0x00007ffba7f10000 - 0x00007ffba7f5b000 	C:\Windows\SYSTEM32\POWRPROF.dll
0x00007ffb91930000 - 0x00007ffb91957000 	C:\Windows\SYSTEM32\WINMM.dll
0x00007ffba5e50000 - 0x00007ffba5e5a000 	C:\Windows\SYSTEM32\VERSION.dll
0x00007ffb8e960000 - 0x00007ffb8e969000 	C:\Windows\SYSTEM32\WSOCK32.dll
0x00007ffba9b50000 - 0x00007ffba9bbb000 	C:\Windows\System32\WS2_32.dll
0x00007ffba7ef0000 - 0x00007ffba7f02000 	C:\Windows\SYSTEM32\UMPDC.dll
0x00007ffba6880000 - 0x00007ffba6892000 	C:\Windows\SYSTEM32\kernel.appcore.dll
0x00007ffba22c0000 - 0x00007ffba22ca000 	C:\Program Files\Android\Android Studio\jbr\bin\jimage.dll
0x00007ffba5020000 - 0x00007ffba5221000 	C:\Windows\SYSTEM32\DBGHELP.DLL
0x00007ffb8ebc0000 - 0x00007ffb8ebf4000 	C:\Windows\SYSTEM32\dbgcore.DLL
0x00007ffba8780000 - 0x00007ffba8802000 	C:\Windows\System32\bcryptPrimitives.dll
0x00007ffb7d270000 - 0x00007ffb7d295000 	C:\Program Files\Android\Android Studio\jbr\bin\java.dll
0x00007ffb846a0000 - 0x00007ffb846b8000 	C:\Program Files\Android\Android Studio\jbr\bin\zip.dll
0x00007ffba9280000 - 0x00007ffba99f1000 	C:\Windows\System32\SHELL32.dll
0x00007ffba60c0000 - 0x00007ffba6866000 	C:\Windows\SYSTEM32\windows.storage.dll
0x00007ffba8e70000 - 0x00007ffba91c3000 	C:\Windows\System32\combase.dll
0x00007ffba7920000 - 0x00007ffba794b000 	C:\Windows\SYSTEM32\Wldp.dll
0x00007ffbaa1b0000 - 0x00007ffbaa27d000 	C:\Windows\System32\OLEAUT32.dll
0x00007ffbaa410000 - 0x00007ffbaa4bd000 	C:\Windows\System32\SHCORE.dll
0x00007ffbaa6a0000 - 0x00007ffbaa6fb000 	C:\Windows\System32\shlwapi.dll
0x00007ffba7fe0000 - 0x00007ffba8004000 	C:\Windows\SYSTEM32\profapi.dll
0x00007ffb83d00000 - 0x00007ffb83d19000 	C:\Program Files\Android\Android Studio\jbr\bin\net.dll
0x00007ffba0380000 - 0x00007ffba048a000 	C:\Windows\SYSTEM32\WINHTTP.dll
0x00007ffba7700000 - 0x00007ffba776a000 	C:\Windows\system32\mswsock.dll
0x00007ffb83460000 - 0x00007ffb83476000 	C:\Program Files\Android\Android Studio\jbr\bin\nio.dll

dbghelp: loaded successfully - version: 4.0.5 - missing functions: none
symbol engine: initialized successfully - sym options: 0x614 - pdb path: .;C:\Program Files\Android\Android Studio\jbr\bin;C:\Windows\SYSTEM32;C:\Windows\WinSxS\amd64_microsoft.windows.common-controls_6595b64144ccf1df_6.0.19041.6456_none_60b8a6cb71f64256;C:\Program Files\Android\Android Studio\jbr\bin\server

VM Arguments:
java_command: org.jetbrains.kotlin.cli.jvm.K2JVMCompiler @C:\Users\delfi\AndroidStudioProjects\Comunic\app\build\20260204_7617271720919532754.compiler.options
java_class_path (initial): C:\Users\delfi\.gradle\caches\modules-2\files-2.1\org.jetbrains.kotlin\kotlin-compiler-embeddable\1.9.0\2c8c3a7402becca891f12739b3e9fd2dc2adbd7a\kotlin-compiler-embeddable-1.9.0.jar;C:\Users\delfi\.gradle\caches\modules-2\files-2.1\org.jetbrains.kotlin\kotlin-stdlib\1.9.0\8ee15ef0c67dc83d874f412d84378d7f0eb50b63\kotlin-stdlib-1.9.0.jar;C:\Users\delfi\.gradle\caches\modules-2\files-2.1\org.jetbrains.kotlin\kotlin-script-runtime\1.9.0\4b3102cbbb7e1b58d9d1adf89563f00069ffa7d1\kotlin-script-runtime-1.9.0.jar;C:\Users\delfi\.gradle\caches\modules-2\files-2.1\org.jetbrains.kotlin\kotlin-reflect\1.6.10\1cbe9c92c12a94eea200d23c2bbaedaf3daf5132\kotlin-reflect-1.6.10.jar;C:\Users\delfi\.gradle\caches\modules-2\files-2.1\org.jetbrains.kotlin\kotlin-daemon-embeddable\1.9.0\186543f5e28cf8d9a0290fecc2cf34301c40a65c\kotlin-daemon-embeddable-1.9.0.jar;C:\Users\delfi\.gradle\caches\modules-2\files-2.1\org.jetbrains.intellij.deps\trove4j\1.0.20200330\3afb14d5f9ceb459d724e907a21145e8ff394f02\trove4j-1.0.20200330.jar;C:\Users\delfi\.gradle\caches\modules-2\files-2.1\org.jetbrains.kotlin\kotlin-stdlib-common\1.9.0\cd65c21cfd1eec4d44ef09f9f52b6d9f8a720636\kotlin-stdlib-common-1.9.0.jar;C:\Users\delfi\.gradle\caches\modules-2\files-2.1\org.jetbrains\annotations\13.0\919f0dfe192fb4e063e7dacadee7f8bb9a2672a9\annotations-13.0.jar
Launcher Type: SUN_STANDARD

[Global flags]
     intx CICompilerCount                          = 4                                         {product} {ergonomic}
     uint ConcGCThreads                            = 2                                         {product} {ergonomic}
     uint G1ConcRefinementThreads                  = 8                                         {product} {ergonomic}
   size_t G1HeapRegionSize                         = 1048576                                   {product} {ergonomic}
    uintx GCDrainStackTargetSize                   = 64                                        {product} {ergonomic}
   size_t InitialHeapSize                          = 67108864                                  {product} {ergonomic}
   size_t MarkStackSize                            = 4194304                                   {product} {ergonomic}
   size_t MaxHeapSize                              = 1044381696                                {product} {ergonomic}
   size_t MaxNewSize                               = 625999872                                 {product} {ergonomic}
   size_t MinHeapDeltaBytes                        = 1048576                                   {product} {ergonomic}
   size_t MinHeapSize                              = 8388608                                   {product} {ergonomic}
    uintx NonNMethodCodeHeapSize                   = 5839372                                {pd product} {ergonomic}
    uintx NonProfiledCodeHeapSize                  = 122909434                              {pd product} {ergonomic}
    uintx ProfiledCodeHeapSize                     = 122909434                              {pd product} {ergonomic}
    uintx ReservedCodeCacheSize                    = 251658240                              {pd product} {ergonomic}
     bool SegmentedCodeCache                       = true                                      {product} {ergonomic}
   size_t SoftMaxHeapSize                          = 1044381696                             {manageable} {ergonomic}
     bool UseCompressedClassPointers               = true                           {product lp64_product} {ergonomic}
     bool UseCompressedOops                        = true                           {product lp64_product} {ergonomic}
     bool UseG1GC                                  = true                                      {product} {ergonomic}
     bool UseLargePagesIndividualAllocation        = false                                  {pd product} {ergonomic}

Logging:
Log output configuration:
 #0: stdout all=warning uptime,level,tags
 #1: stderr all=off uptime,level,tags

Environment Variables:
PATH=C:\Program Files\Common Files\Oracle\Java\javapath;C:\Windows\system32;C:\Windows;C:\Windows\System32\Wbem;C:\Windows\System32\WindowsPowerShell\v1.0\;C:\Windows\System32\OpenSSH\;C:\Users\delfi\OneDrive\Escritorio\GHDL\bin;C:\Users\delfi\OneDrive\Escritorio\gtkwave64\bin;C:\Program Files\nodejs\;C:\Users\delfi\Downloads\MinGW\bin;C:\Program Files\Git\cmd;C:\Users\delfi\AppData\Local\Programs\Python\Python312;C:\Users\delfi\AppData\Local\Programs\Python\Python312\Scripts;C:\Users\delfi\OneDrive\Escritorio\digi2\gnuwin32\bin;C:\Users\delfi\OneDrive\Escritorio\digi2\xpack-openocd-0.12.0-4\bin;C:\13_3_rel1\bin;C:\ST-LINK_Utility;C:\Program Files\PuTTY\;C:\Program Files\Java\jdk-24\bin;;C:\Program Files\Docker\Docker\resources\bin;C:\Users\delfi\AppData\Local\Programs\Python\Python312\Scripts\;C:\Users\delfi\AppData\Local\Programs\Python\Python312\;C:\Users\delfi\AppData\Local\Microsoft\WindowsApps;C:\Users\delfi\AppData\Local\Programs\Microsoft VS Code\bin;C:\Users\delfi\AppData\Roaming\npm;
USERNAME=delfi
OS=Windows_NT
PROCESSOR_IDENTIFIER=Intel64 Family 6 Model 142 Stepping 12, GenuineIntel
TMP=C:\Users\delfi\AppData\Local\Temp
TEMP=C:\Users\delfi\AppData\Local\Temp



Periodic native trim disabled

JNI global refs:
JNI global refs: 8, weak refs: 0

JNI global refs memory usage: 843, weak refs: 841

Process memory usage:
Resident Set Size: 87836K (2% of 4077784K total physical memory with 154948K free physical memory)

OOME stack traces (most recent first):
Classloader memory used:
Loader jdk.internal.loader.ClassLoaders$AppClassLoader                                 : 1141K
Loader bootstrap                                                                       : 1107K
Loader jdk.internal.reflect.DelegatingClassLoader                                      : 4685B


---------------  S Y S T E M  ---------------

OS:
 Windows 10 , 64 bit Build 19041 (10.0.19041.6807)
OS uptime: 7 days 0:56 hours
Hyper-V role detected

CPU: total 8 (initial active 8) (4 cores per cpu, 2 threads per core) family 6 model 142 stepping 12 microcode 0xca, cx8, cmov, fxsr, ht, mmx, 3dnowpref, sse, sse2, sse3, ssse3, sse4.1, sse4.2, popcnt, lzcnt, tsc, tscinvbit, avx, avx2, aes, erms, clmul, bmi1, bmi2, adx, fma, vzeroupper, clflush, clflushopt, hv
Processor Information for all 8 processors :
  Max Mhz: 1800, Current Mhz: 1600, Mhz Limit: 1584

Memory: 4k page, system-wide physical 3982M (151M free)
TotalPageFile size 16270M (AvailPageFile size 0M)
current process WorkingSet (physical memory assigned to process): 85M, peak: 85M
current process commit charge ("private bytes"): 159M, peak: 160M

vm_info: OpenJDK 64-Bit Server VM (17.0.11+0--11852314) for windows-amd64 JRE (17.0.11+0--11852314), built on May 16 2024 21:29:20 by "androidbuild" with MS VC++ 16.10 / 16.11 (VS2019)

END.
